// Jest Snapshot v1, https://goo.gl/fbAQLP

exports[`About page matches snapshot and displays my age correctly 1`] = `"<div><div data-testid=\\"container\\" class=\\"px-6 md:px-36 lg:px-48 mb-6 2xl:px-96\\"><div class=\\"px-0 md:px-16 xl:px-32\\" style=\\"opacity: 0; transform: translateY(20px) translateZ(0);\\"><div class=\\"flex justify-center\\"><img alt=\\"About Adithya\\" loading=\\"eager\\" width=\\"250\\" height=\\"250\\" decoding=\\"async\\" data-nimg=\\"1\\" class=\\"block mx-auto\\" style=\\"color: transparent;\\" src=\\"/static/about_hero.svg\\"></div><h1 class=\\"text-3xl md:text-4xl my-10 text-left sm:text-center font-semibold\\">About me</h1><p class=\\" my-5 leading-8\\">As you might have guessed already, I'm Adithya, a UX Engineer from Bengaluru, India.</p><p class=\\"my-5 leading-8\\">For more than 5 years now, design has been the central piece of my world. On this quick and mind-blowing journey, I have moved over the years from being a graphic designer to a full-time UX Designer and UI Engineer.</p><p class=\\"my-5 leading-8\\">With a never-ending goal of maintaining a high standard for usability &amp; user experience, I have consistently worked with various startups and clients worldwide and helped them create unique and engaging digital products.</p><p class=\\"my-5 leading-8\\">I'm currently working on the Conversational CX platform at <a href=\\"http://yellow.ai\\" target=\\"_blank\\" rel=\\"noopener noreferrer\\" class=\\"left\\">yellow.ai</a> as a Software Engineer (SDE-2).</p><h3 class=\\"text-xl md:text-3xl my-20 text-left sm:text-center font-semibold\\">Companies I've worked with</h3><div class=\\"grid grid-cols-2 md:grid-cols-3 lg:grid-cols-6 gap-10 lg:gap-14 justify-center items-center mb-5\\"><div class=\\"my-5\\"><img loading=\\"lazy\\" class=\\"\\" src=\\"/static/yellow_ai.svg\\" alt=\\"Yellow.ai\\" title=\\"Yellow.ai\\"></div><div class=\\"my-5\\"><img loading=\\"lazy\\" class=\\"\\" src=\\"/static/daikin.svg\\" alt=\\"Daikin\\" title=\\"Daikin\\"></div><div class=\\"my-5\\"><img loading=\\"lazy\\" class=\\"\\" src=\\"/static/softway.svg\\" alt=\\"Softway\\" title=\\"Softway\\"></div><div class=\\"my-5\\"><img loading=\\"lazy\\" class=\\"\\" src=\\"/static/dish.svg\\" alt=\\"Dish\\" title=\\"Dish\\"></div><div class=\\"my-5\\"><img loading=\\"lazy\\" class=\\"\\" src=\\"/static/betsol_logo.svg\\" alt=\\"Betsol\\" title=\\"Betsol\\"></div><div class=\\"my-5\\"><img loading=\\"lazy\\" class=\\"\\" src=\\"/static/Homero.svg\\" alt=\\"Homero\\" title=\\"Homero\\"></div></div><h3 class=\\"text-xl md:text-3xl mt-20 mb-16 text-left sm:text-center font-semibold\\">Things I'm good at</h3><img loading=\\"lazy\\" class=\\"mx-auto w-3/4 md:w-1/3 block h-56 sm:h-auto\\" src=\\"/static/skills.svg\\" alt=\\"Things I'm good at\\"><div class=\\"flex flex-wrap mx-auto text-left md:text-center mt-16 md:mt-24\\"><div class=\\"w-full mx-auto sm:flex-1\\"><h2 class=\\"inline-flex items-center text-xl font-semibold\\"><img src=\\"/static/pen-tool.svg\\" class=\\"mr-5\\" alt=\\"Pen tool icon\\"> Design</h2> <br><small class=\\"block text-md sm:w-4/5 sm:mx-auto leading-7 my-5\\">User Experience, User Interface, Wireframing, Prototyping, Web design</small></div><div class=\\"w-full mx-auto flex-1\\"><h2 class=\\"inline-flex items-center text-xl font-semibold\\"><img src=\\"/static/terminal.svg\\" class=\\"mr-5\\" alt=\\"Terminal icon\\"> Development</h2> <br><small class=\\"block text-md sm:w-4/5 sm:mx-auto leading-7 my-5\\">JavaScript, Reactjs, Redux, Express, Nodejs, TypeScript, Nextjs, GraphQL, PostgreSQL</small></div></div><h1 class=\\"text-2xl md:text-5xl font-semibold my-20 md:my-40 leading-relaxed md:leading-relaxed\\">Got a project in mind, a question or something else? Get in touch with me <a class=\\"left\\" href=\\"/contact\\"> here</a></h1></div></div></div>"`;
